-- Zenith Source Map
-- Source: demo.zt
return {
  source = "demo.zt",
  mappings = {
    [75] = {line=59, col=21},
    [46] = {line=24, col=9},
    [62] = {line=46, col=17},
    [76] = {line=60, col=25},
    [39] = {line=16, col=5},
    [47] = {line=26, col=9},
    [55] = {line=37, col=9},
    [63] = {line=47, col=17},
    [78] = {line=62, col=21},
    [40] = {line=17, col=5},
    [48] = {line=27, col=9},
    [64] = {line=48, col=17},
    [65] = {line=49, col=17},
    [49] = {line=29, col=9},
    [66] = {line=50, col=17},
    [82] = {line=66, col=13},
    [42] = {line=20, col=9},
    [50] = {line=30, col=13},
    [58] = {line=41, col=9},
    [69] = {line=53, col=13},
    [43] = {line=21, col=9},
    [59] = {line=42, col=13},
    [70] = {line=54, col=13},
    [71] = {line=55, col=17},
    [44] = {line=22, col=9},
    [52] = {line=33, col=9},
    [60] = {line=43, col=13},
    [85] = {line=69, col=13},
    [83] = {line=67, col=13},
    [35] = {line=11, col=5},
    [37] = {line=13, col=5},
    [45] = {line=23, col=9},
    [53] = {line=34, col=13},
    [61] = {line=45, col=13},
    [74] = {line=58, col=21},
    [36] = {line=12, col=5},
    [38] = {line=15, col=5},
  }
}